Tue Jan 23 2018 23:54:34 GMT+0200 (EET): Username already exist
Tue Jan 23 2018 23:54:35 GMT+0200 (EET): Username already exist
